
============================================================
ShopSmart - Price Comparison Aggregator
Running on http://localhost:5605
Domain mapping: shopsmart.com
============================================================

 * Serving Flask app 'app'
 * Debug mode: on
WARNING: This is a development server. Do not use it in a production deployment. Use a production WSGI server instead.
 * Running on all addresses (0.0.0.0)
 * Running on http://127.0.0.1:5605
 * Running on http://10.107.1.147:5605
Press CTRL+C to quit
 * Restarting with stat
 * Debugger is active!
 * Debugger PIN: 129-916-627

============================================================
Amazon Product Page (Safe Path)
Running on http://localhost:5606
============================================================

 * Serving Flask app 'app'
 * Debug mode: on
WARNING: This is a development server. Do not use it in a production deployment. Use a production WSGI server instead.
 * Running on all addresses (0.0.0.0)
 * Running on http://127.0.0.1:5606
 * Running on http://10.107.1.147:5606
Press CTRL+C to quit
 * Restarting with stat
 * Debugger is active!
 * Debugger PIN: 422-169-954

============================================================
Target Product Page (Safe Path)
Running on http://localhost:5607
============================================================

 * Serving Flask app 'app'
 * Debug mode: on
WARNING: This is a development server. Do not use it in a production deployment. Use a production WSGI server instead.
 * Running on all addresses (0.0.0.0)
 * Running on http://127.0.0.1:5607
 * Running on http://10.107.1.147:5607
Press CTRL+C to quit
 * Restarting with stat
 * Debugger is active!
<<<<<<< HEAD
 * Debugger PIN: 129-916-627
=======
 * Debugger PIN: 422-169-954
>>>>>>> cfad289bd44a0188e4facc371167940851eb7952

============================================================
Walmart Product Page (Safe Path)
Running on http://localhost:5608
============================================================

 * Serving Flask app 'app'
 * Debug mode: on
WARNING: This is a development server. Do not use it in a production deployment. Use a production WSGI server instead.
 * Running on all addresses (0.0.0.0)
 * Running on http://127.0.0.1:5608
 * Running on http://10.107.1.147:5608
Press CTRL+C to quit
 * Restarting with stat
 * Debugger is active!
<<<<<<< HEAD
 * Debugger PIN: 129-916-627
=======
 * Debugger PIN: 422-169-954
 * Debugger is active!
 * Debugger PIN: 422-169-954
>>>>>>> cfad289bd44a0188e4facc371167940851eb7952
