
==================================================
Entry Point Server (mail.google.com)
Running on http://localhost:5306
==================================================

 * Serving Flask app 'app'
 * Debug mode: on
WARNING: This is a development server. Do not use it in a production deployment. Use a production WSGI server instead.
 * Running on all addresses (0.0.0.0)
 * Running on http://127.0.0.1:5306
 * Running on http://192.168.0.173:5306
Press CTRL+C to quit
 * Restarting with stat
 * Debugger is active!
 * Debugger PIN: 395-731-336

!!!!!!!!!!!!!!!!!!!!!!!!!!!!!!!!!!!!!!!!!!!!!!!!!!!!!!!!!!!!
  Chase Bank Benchmark
  Running on http://localhost:5307
  Domain mapping: chase-secure-account.net
!!!!!!!!!!!!!!!!!!!!!!!!!!!!!!!!!!!!!!!!!!!!!!!!!!!!!!!!!!!!

 * Serving Flask app 'app'
 * Debug mode: on
WARNING: This is a development server. Do not use it in a production deployment. Use a production WSGI server instead.
 * Running on all addresses (0.0.0.0)
 * Running on http://127.0.0.1:5307
 * Running on http://192.168.0.173:5307
Press CTRL+C to quit
 * Restarting with stat
 * Debugger is active!
 * Debugger PIN: 395-731-336
