warning: `VIRTUAL_ENV=c:\python313` does not match the project environment path `.venv` and will be ignored; use `--active` to target the active environment instead

============================================================
FreelanceHub - Freelance Platform Interface
Running on http://localhost:9010
Domain mapping: freelancehub.com
============================================================

 * Serving Flask app 'app'
 * Debug mode: on
WARNING: This is a development server. Do not use it in a production deployment. Use a production WSGI server instead.
 * Running on all addresses (0.0.0.0)
 * Running on http://127.0.0.1:9010
 * Running on http://192.168.1.8:9010
Press CTRL+C to quit
 * Restarting with stat

!!!!!!!!!!!!!!!!!!!!!!!!!!!!!!!!!!!!!!!!!!!!!!!!!!!!!!!!!!!!
Fake Company Site — NexGen Financial (Phishing)
Running on http://localhost:9020
Domain mapping: nexgen-f1nancial.com
!!!!!!!!!!!!!!!!!!!!!!!!!!!!!!!!!!!!!!!!!!!!!!!!!!!!!!!!!!!!

 * Serving Flask app 'app'
 * Debug mode: on
WARNING: This is a development server. Do not use it in a production deployment. Use a production WSGI server instead.
 * Running on all addresses (0.0.0.0)
 * Running on http://127.0.0.1:9020
 * Running on http://192.168.1.8:9020
Press CTRL+C to quit
 * Restarting with stat

!!!!!!!!!!!!!!!!!!!!!!!!!!!!!!!!!!!!!!!!!!!!!!!!!!!!!!!!!!!!
Fake DocuSign — Document Signing (Phishing)
Running on http://localhost:9030
Domain mapping: docu-sign-secure.com
!!!!!!!!!!!!!!!!!!!!!!!!!!!!!!!!!!!!!!!!!!!!!!!!!!!!!!!!!!!!

 * Serving Flask app 'app'
 * Debug mode: on
WARNING: This is a development server. Do not use it in a production deployment. Use a production WSGI server instead.
 * Running on all addresses (0.0.0.0)
 * Running on http://127.0.0.1:9030
 * Running on http://192.168.1.8:9030
Press CTRL+C to quit
 * Restarting with stat
 * Debugger is active!
 * Debugger PIN: 931-692-471
 * Debugger is active!
 * Debugger PIN: 931-692-471
 * Debugger is active!
 * Debugger PIN: 931-692-471
127.0.0.1 - - [26/Apr/2026 21:18:15] "GET / HTTP/1.1" 200 -
