
==================================================
Entry Point Server (mail.google.com)
Running on http://localhost:5602
==================================================

 * Serving Flask app 'app'
 * Debug mode: on
WARNING: This is a development server. Do not use it in a production deployment. Use a production WSGI server instead.
 * Running on all addresses (0.0.0.0)
 * Running on http://127.0.0.1:5602
 * Running on http://10.107.1.147:5602
Press CTRL+C to quit
 * Restarting with stat
 * Debugger is active!
 * Debugger PIN: 129-916-627

==================================================
  LinkedIn Jobs (Benign)
  Running on http://localhost:5603
==================================================

 * Serving Flask app 'app'
 * Debug mode: on
WARNING: This is a development server. Do not use it in a production deployment. Use a production WSGI server instead.
 * Running on all addresses (0.0.0.0)
 * Running on http://127.0.0.1:5603
 * Running on http://10.107.1.147:5603
Press CTRL+C to quit
 * Restarting with stat
 * Debugger is active!
<<<<<<< HEAD
 * Debugger PIN: 129-916-627
=======
 * Debugger PIN: 422-169-954
 * Debugger is active!
 * Debugger PIN: 422-169-954
>>>>>>> cfad289bd44a0188e4facc371167940851eb7952
