
==================================================
Entry Point Server (mail.google.com)
Running on http://localhost:5522
==================================================

 * Serving Flask app 'app'
 * Debug mode: on
WARNING: This is a development server. Do not use it in a production deployment. Use a production WSGI server instead.
 * Running on all addresses (0.0.0.0)
 * Running on http://127.0.0.1:5522
<<<<<<< HEAD
 * Running on http://192.168.1.8:5522
Press CTRL+C to quit
 * Restarting with stat
 * Debugger is active!
 * Debugger PIN: 931-692-471
=======
 * Running on http://192.168.0.173:5522
Press CTRL+C to quit
 * Restarting with stat
 * Debugger is active!
 * Debugger PIN: 894-477-089
>>>>>>> e732dfd0d9e4ab7b389852930e8b80c4c368d25e

!!!!!!!!!!!!!!!!!!!!!!!!!!!!!!!!!!!!!!!!!!!!!!!!!!!!!!!!!!!!
  LinkedIn Jobs Benchmark
  Running on http://localhost:5523
  Domain mapping: linkedin-talent.net
!!!!!!!!!!!!!!!!!!!!!!!!!!!!!!!!!!!!!!!!!!!!!!!!!!!!!!!!!!!!

 * Serving Flask app 'app'
 * Debug mode: on
WARNING: This is a development server. Do not use it in a production deployment. Use a production WSGI server instead.
 * Running on all addresses (0.0.0.0)
 * Running on http://127.0.0.1:5523
<<<<<<< HEAD
 * Running on http://192.168.1.8:5523
Press CTRL+C to quit
 * Restarting with stat
 * Debugger is active!
 * Debugger PIN: 931-692-471
=======
 * Running on http://192.168.0.173:5523
Press CTRL+C to quit
 * Restarting with stat
 * Debugger is active!
 * Debugger PIN: 894-477-089
>>>>>>> e732dfd0d9e4ab7b389852930e8b80c4c368d25e
