
==================================================
Gmail-like Mailbox Interface
Running on http://localhost:5102
==================================================

 * Serving Flask app 'app'
 * Debug mode: on
WARNING: This is a development server. Do not use it in a production deployment. Use a production WSGI server instead.
 * Running on all addresses (0.0.0.0)
 * Running on http://127.0.0.1:5102
 * Running on http://192.168.0.173:5102
Press CTRL+C to quit
 * Restarting with stat
 * Debugger is active!
 * Debugger PIN: 129-916-627

==================================================
LEGITIMATE Google Careers Site
Running on http://localhost:5103
Domain mapping: apply-to-google-jobs.com
==================================================

 * Serving Flask app 'app'
 * Debug mode: on
WARNING: This is a development server. Do not use it in a production deployment. Use a production WSGI server instead.
 * Running on all addresses (0.0.0.0)
 * Running on http://127.0.0.1:5103
 * Running on http://192.168.0.173:5103
Press CTRL+C to quit
 * Restarting with stat
 * Debugger is active!
 * Debugger PIN: 129-916-627

!!!!!!!!!!!!!!!!!!!!!!!!!!!!!!!!!!!!!!!!!!!!!!!!!!!!!!!!!!!!
PHISHING Site - Multi-Step Application (Research/Benchmark)
Running on http://localhost:5104
Domain mapping: apply-to-g00gle-jobs.com
!!!!!!!!!!!!!!!!!!!!!!!!!!!!!!!!!!!!!!!!!!!!!!!!!!!!!!!!!!!!

 * Serving Flask app 'app'
 * Debug mode: on
WARNING: This is a development server. Do not use it in a production deployment. Use a production WSGI server instead.
 * Running on all addresses (0.0.0.0)
 * Running on http://127.0.0.1:5104
 * Running on http://192.168.0.173:5104
Press CTRL+C to quit
 * Restarting with stat
 * Debugger is active!
 * Debugger PIN: 129-916-627
