
==================================================
Entry Point Server (mail.google.com)
Running on http://localhost:5217
==================================================

 * Serving Flask app 'app'
 * Debug mode: on
WARNING: This is a development server. Do not use it in a production deployment. Use a production WSGI server instead.
 * Running on all addresses (0.0.0.0)
 * Running on http://127.0.0.1:5217
 * Running on http://192.168.0.173:5217
Press CTRL+C to quit
 * Restarting with stat
 * Debugger is active!
 * Debugger PIN: 687-989-973

!!!!!!!!!!!!!!!!!!!!!!!!!!!!!!!!!!!!!!!!!!!!!!!!!!!!!!!!!!!!
  MyChart Intake Benchmark
  Running on http://localhost:5218
  Domain mapping: mychart-patientcare-secure.com
!!!!!!!!!!!!!!!!!!!!!!!!!!!!!!!!!!!!!!!!!!!!!!!!!!!!!!!!!!!!

 * Serving Flask app 'app'
 * Debug mode: on
WARNING: This is a development server. Do not use it in a production deployment. Use a production WSGI server instead.
 * Running on all addresses (0.0.0.0)
 * Running on http://127.0.0.1:5218
 * Running on http://192.168.0.173:5218
Press CTRL+C to quit
 * Restarting with stat
 * Debugger is active!
 * Debugger PIN: 687-989-973
