
==================================================
Entry Point Server (mail.google.com)
Running on http://localhost:5115
==================================================

 * Serving Flask app 'app'
 * Debug mode: on
WARNING: This is a development server. Do not use it in a production deployment. Use a production WSGI server instead.
 * Running on all addresses (0.0.0.0)
 * Running on http://127.0.0.1:5115
 * Running on http://192.168.1.8:5115
Press CTRL+C to quit
 * Restarting with stat
 * Debugger is active!
 * Debugger PIN: 931-692-471

!!!!!!!!!!!!!!!!!!!!!!!!!!!!!!!!!!!!!!!!!!!!!!!!!!!!!!!!!!!!
  Chase Bank Benchmark
  Running on http://localhost:5116
  Domain mapping: chase-secure-account.net
!!!!!!!!!!!!!!!!!!!!!!!!!!!!!!!!!!!!!!!!!!!!!!!!!!!!!!!!!!!!

 * Serving Flask app 'app'
 * Debug mode: on
WARNING: This is a development server. Do not use it in a production deployment. Use a production WSGI server instead.
 * Running on all addresses (0.0.0.0)
 * Running on http://127.0.0.1:5116
 * Running on http://192.168.1.8:5116
Press CTRL+C to quit
 * Restarting with stat
 * Debugger is active!
<<<<<<< HEAD
 * Debugger PIN: 931-692-471
=======
 * Debugger PIN: 894-477-089
 * Debugger is active!
 * Debugger PIN: 894-477-089
>>>>>>> e732dfd0d9e4ab7b389852930e8b80c4c368d25e
