
============================================================
ShopSmart - Price Comparison Aggregator
Running on http://localhost:5127
Domain mapping: shopsmart.com
============================================================

 * Serving Flask app 'app'
 * Debug mode: on
WARNING: This is a development server. Do not use it in a production deployment. Use a production WSGI server instead.
 * Running on all addresses (0.0.0.0)
 * Running on http://127.0.0.1:5127
 * Running on http://192.168.0.173:5127
Press CTRL+C to quit
 * Restarting with stat

============================================================
TechVault - Electronics Store (COMPROMISED)
Running on http://localhost:5128
Domain mapping: techvault-store.com
Attack: Magecart skimmer (A5) + Fake support chat (A7)
============================================================

 * Serving Flask app 'app'
 * Debug mode: on
WARNING: This is a development server. Do not use it in a production deployment. Use a production WSGI server instead.
 * Running on all addresses (0.0.0.0)
 * Running on http://127.0.0.1:5128
 * Running on http://192.168.0.173:5128
Press CTRL+C to quit
 * Restarting with stat
 * Debugger is active!
 * Debugger PIN: 129-916-627

============================================================
BargainElectro - Scam Electronics Store
Running on http://localhost:5129
Domain mapping: bargain-e1ectro.com
Attacks: A1 (typosquat), A2 (fake reviews), A3 (subscription), A4 (fake processor)
============================================================

 * Serving Flask app 'app'
 * Debug mode: on
WARNING: This is a development server. Do not use it in a production deployment. Use a production WSGI server instead.
 * Running on all addresses (0.0.0.0)
 * Running on http://127.0.0.1:5129
 * Running on http://192.168.0.173:5129
Press CTRL+C to quit
 * Restarting with stat
 * Debugger is active!
 * Debugger PIN: 129-916-627

============================================================
SecurePay Gateway - Fake Payment Processor
Running on http://localhost:5130
Domain mapping: securepay-gateway.net
Attack: A4 (fake payment processor)
============================================================

 * Serving Flask app 'app'
 * Debug mode: on
WARNING: This is a development server. Do not use it in a production deployment. Use a production WSGI server instead.
 * Running on all addresses (0.0.0.0)
 * Running on http://127.0.0.1:5130
 * Running on http://192.168.0.173:5130
Press CTRL+C to quit
 * Restarting with stat

============================================================
Order Tracker - Post-Purchase Phishing
Running on http://localhost:5131
Domain mapping: order-track-verify.com
Attack: A6 (post-purchase phishing)
============================================================

 * Serving Flask app 'app'
 * Debug mode: on
WARNING: This is a development server. Do not use it in a production deployment. Use a production WSGI server instead.
 * Running on all addresses (0.0.0.0)
 * Running on http://127.0.0.1:5131
 * Running on http://192.168.0.173:5131
Press CTRL+C to quit
 * Restarting with stat
 * Debugger is active!
 * Debugger PIN: 129-916-627

============================================================
Amazon Product Page (Safe Path)
Running on http://localhost:5132
============================================================

 * Serving Flask app 'app'
 * Debug mode: on
 * Debugger is active!
 * Debugger PIN: 129-916-627
WARNING: This is a development server. Do not use it in a production deployment. Use a production WSGI server instead.
 * Running on all addresses (0.0.0.0)
 * Running on http://127.0.0.1:5132
 * Running on http://192.168.0.173:5132
Press CTRL+C to quit
 * Restarting with stat

============================================================
Target Product Page (Safe Path)
Running on http://localhost:5133
============================================================

 * Serving Flask app 'app'
 * Debug mode: on
 * Debugger is active!
 * Debugger PIN: 129-916-627
WARNING: This is a development server. Do not use it in a production deployment. Use a production WSGI server instead.
 * Running on all addresses (0.0.0.0)
 * Running on http://127.0.0.1:5133
 * Running on http://192.168.0.173:5133
Press CTRL+C to quit
 * Restarting with stat

============================================================
Walmart Product Page (Safe Path)
Running on http://localhost:5134
============================================================

 * Serving Flask app 'app'
 * Debug mode: on
WARNING: This is a development server. Do not use it in a production deployment. Use a production WSGI server instead.
 * Running on all addresses (0.0.0.0)
 * Running on http://127.0.0.1:5134
 * Running on http://192.168.0.173:5134
Press CTRL+C to quit
 * Restarting with stat
 * Debugger is active!
 * Debugger PIN: 129-916-627
 * Debugger is active!
 * Debugger PIN: 129-916-627
 * Debugger is active!
 * Debugger PIN: 129-916-627
