
============================================================
ShopSmart - Price Comparison Aggregator
Running on http://localhost:10310
Domain mapping: shopsmart.com
============================================================

 * Serving Flask app 'app'
 * Debug mode: on
WARNING: This is a development server. Do not use it in a production deployment. Use a production WSGI server instead.
 * Running on all addresses (0.0.0.0)
 * Running on http://127.0.0.1:10310
<<<<<<< HEAD
 * Running on http://192.168.1.8:10310
Press CTRL+C to quit
 * Restarting with stat
 * Debugger is active!
 * Debugger PIN: 931-692-471
=======
 * Running on http://192.168.0.173:10310
Press CTRL+C to quit
 * Restarting with stat
>>>>>>> e732dfd0d9e4ab7b389852930e8b80c4c368d25e

============================================================
TechVault - Electronics Store (COMPROMISED)
Running on http://localhost:10320
Domain mapping: techvault-store.com
Attack: Magecart skimmer (A5) + Fake support chat (A7)
============================================================

 * Serving Flask app 'app'
 * Debug mode: on
WARNING: This is a development server. Do not use it in a production deployment. Use a production WSGI server instead.
 * Running on all addresses (0.0.0.0)
 * Running on http://127.0.0.1:10320
<<<<<<< HEAD
 * Running on http://192.168.1.8:10320
Press CTRL+C to quit
 * Restarting with stat
 * Debugger is active!
 * Debugger PIN: 931-692-471
=======
 * Running on http://192.168.0.173:10320
Press CTRL+C to quit
 * Debugger is active!
 * Restarting with stat
 * Debugger PIN: 894-477-089
 * Debugger is active!
 * Debugger PIN: 894-477-089
>>>>>>> e732dfd0d9e4ab7b389852930e8b80c4c368d25e

============================================================
BargainElectro-PI (visible_text injection) — port 5301
============================================================

 * Serving Flask app 'app'
 * Debug mode: on
WARNING: This is a development server. Do not use it in a production deployment. Use a production WSGI server instead.
 * Running on all addresses (0.0.0.0)
 * Running on http://127.0.0.1:5301
 * Running on http://192.168.1.8:5301
Press CTRL+C to quit
 * Restarting with stat
 * Debugger is active!
<<<<<<< HEAD
 * Debugger PIN: 931-692-471
=======
 * Debugger PIN: 894-477-089
>>>>>>> e732dfd0d9e4ab7b389852930e8b80c4c368d25e

============================================================
SecurePay Gateway - Fake Payment Processor
Running on http://localhost:10340
Domain mapping: securepay-gateway.net
Attack: A4 (fake payment processor)
============================================================

 * Serving Flask app 'app'
 * Debug mode: on
WARNING: This is a development server. Do not use it in a production deployment. Use a production WSGI server instead.
 * Running on all addresses (0.0.0.0)
 * Running on http://127.0.0.1:10340
<<<<<<< HEAD
 * Running on http://192.168.1.8:10340
Press CTRL+C to quit
 * Restarting with stat
 * Debugger is active!
 * Debugger PIN: 931-692-471
=======
 * Running on http://192.168.0.173:10340
Press CTRL+C to quit
 * Restarting with stat
 * Debugger is active!
>>>>>>> e732dfd0d9e4ab7b389852930e8b80c4c368d25e

============================================================
Order Tracker - Post-Purchase Phishing
Running on http://localhost:10350
Domain mapping: order-track-verify.com
Attack: A6 (post-purchase phishing)
============================================================

 * Serving Flask app 'app'
 * Debug mode: on
<<<<<<< HEAD
WARNING: This is a development server. Do not use it in a production deployment. Use a production WSGI server instead.
 * Running on all addresses (0.0.0.0)
 * Running on http://127.0.0.1:10350
 * Running on http://192.168.1.8:10350
Press CTRL+C to quit
 * Restarting with stat
 * Debugger is active!
 * Debugger PIN: 931-692-471
=======
 * Debugger PIN: 894-477-089
WARNING: This is a development server. Do not use it in a production deployment. Use a production WSGI server instead.
 * Running on all addresses (0.0.0.0)
 * Running on http://127.0.0.1:10350
 * Running on http://192.168.0.173:10350
Press CTRL+C to quit
 * Restarting with stat
>>>>>>> e732dfd0d9e4ab7b389852930e8b80c4c368d25e

============================================================
Amazon Product Page (Safe Path)
Running on http://localhost:10360
============================================================

 * Serving Flask app 'app'
 * Debug mode: on
WARNING: This is a development server. Do not use it in a production deployment. Use a production WSGI server instead.
 * Running on all addresses (0.0.0.0)
 * Running on http://127.0.0.1:10360
<<<<<<< HEAD
 * Running on http://192.168.1.8:10360
Press CTRL+C to quit
 * Restarting with stat
 * Debugger is active!
 * Debugger PIN: 931-692-471
=======
 * Running on http://192.168.0.173:10360
Press CTRL+C to quit
 * Restarting with stat
 * Debugger is active!
 * Debugger PIN: 894-477-089
>>>>>>> e732dfd0d9e4ab7b389852930e8b80c4c368d25e

============================================================
Target Product Page (Safe Path)
Running on http://localhost:10370
============================================================

 * Serving Flask app 'app'
 * Debug mode: on
WARNING: This is a development server. Do not use it in a production deployment. Use a production WSGI server instead.
 * Running on all addresses (0.0.0.0)
 * Running on http://127.0.0.1:10370
<<<<<<< HEAD
 * Running on http://192.168.1.8:10370
Press CTRL+C to quit
 * Restarting with stat
 * Debugger is active!
 * Debugger PIN: 931-692-471
=======
 * Running on http://192.168.0.173:10370
Press CTRL+C to quit
 * Restarting with stat
 * Debugger is active!
 * Debugger PIN: 894-477-089
>>>>>>> e732dfd0d9e4ab7b389852930e8b80c4c368d25e

============================================================
Walmart Product Page (Safe Path)
Running on http://localhost:10380
============================================================

 * Serving Flask app 'app'
 * Debug mode: on
WARNING: This is a development server. Do not use it in a production deployment. Use a production WSGI server instead.
 * Running on all addresses (0.0.0.0)
 * Running on http://127.0.0.1:10380
<<<<<<< HEAD
 * Running on http://192.168.1.8:10380
Press CTRL+C to quit
 * Restarting with stat
 * Debugger is active!
 * Debugger PIN: 931-692-471
=======
 * Running on http://192.168.0.173:10380
Press CTRL+C to quit
 * Restarting with stat
 * Debugger is active!
 * Debugger PIN: 894-477-089
 * Debugger is active!
 * Debugger PIN: 894-477-089
>>>>>>> e732dfd0d9e4ab7b389852930e8b80c4c368d25e
