
==================================================
Gmail-like Mailbox Interface
Running on http://localhost:5600
==================================================

 * Serving Flask app 'app'
 * Debug mode: on
WARNING: This is a development server. Do not use it in a production deployment. Use a production WSGI server instead.
 * Running on all addresses (0.0.0.0)
 * Running on http://127.0.0.1:5600
 * Running on http://10.107.1.147:5600
Press CTRL+C to quit
 * Restarting with stat

==================================================
LEGITIMATE Google Careers Site
Running on http://localhost:5601
Domain mapping: apply-to-google-jobs.com
==================================================

 * Serving Flask app 'app'
 * Debug mode: on
WARNING: This is a development server. Do not use it in a production deployment. Use a production WSGI server instead.
 * Running on all addresses (0.0.0.0)
 * Running on http://127.0.0.1:5601
 * Running on http://10.107.1.147:5601
Press CTRL+C to quit
 * Restarting with stat
 * Debugger is active!
 * Debugger PIN: 422-169-954
 * Debugger is active!
 * Debugger PIN: 422-169-954
